[2026-02-21T13:01:19Z] PDF generation failed
stage: launch_check
error_type: NotImplementedError
error_message: NotImplementedError()
diagnostics:
{
  "browser_install_attempted": true,
  "browsers_path": "D:\\PythonProject\\AnalysisPosts\\.playwright-browsers"
}
traceback:
Traceback (most recent call last):
  File "D:\PythonProject\AnalysisPosts\dashboard\utils\pdf_generator.py", line 115, in _ensure_playwright_browsers
    _launch_once()
  File "D:\PythonProject\AnalysisPosts\dashboard\utils\pdf_generator.py", line 91, in _launch_once
    with sync_playwright() as p:
         ^^^^^^^^^^^^^^^^^
  File "D:\PythonProject\AnalysisPosts\.venv\Lib\site-packages\playwright\sync_api\_context_manager.py", line 77, in __enter__
    dispatcher_fiber.switch()
  File "D:\PythonProject\AnalysisPosts\.venv\Lib\site-packages\playwright\sync_api\_context_manager.py", line 56, in greenlet_main
    self._loop.run_until_complete(self._connection.run_as_sync())
  File "C:\Users\hyace\AppData\Roaming\uv\python\cpython-3.12.12-windows-x86_64-none\Lib\asyncio\base_events.py", line 691, in run_until_complete
    return future.result()
           ^^^^^^^^^^^^^^^
  File "D:\PythonProject\AnalysisPosts\.venv\Lib\site-packages\playwright\_impl\_connection.py", line 303, in run_as_sync
    await self.run()
  File "D:\PythonProject\AnalysisPosts\.venv\Lib\site-packages\playwright\_impl\_connection.py", line 312, in run
    await self._transport.connect()
  File "D:\PythonProject\AnalysisPosts\.venv\Lib\site-packages\playwright\_impl\_transport.py", line 133, in connect
    raise exc
  File "D:\PythonProject\AnalysisPosts\.venv\Lib\site-packages\playwright\_impl\_transport.py", line 120, in connect
    self._proc = await asyncio.create_subprocess_exec(
                 ^^^^^^^^^^^^^^^^^^^^^^^^^^^^^^^^^^^^^
  File "C:\Users\hyace\AppData\Roaming\uv\python\cpython-3.12.12-windows-x86_64-none\Lib\asyncio\subprocess.py", line 224, in create_subprocess_exec
    transport, protocol = await loop.subprocess_exec(
                          ^^^^^^^^^^^^^^^^^^^^^^^^^^^
  File "C:\Users\hyace\AppData\Roaming\uv\python\cpython-3.12.12-windows-x86_64-none\Lib\asyncio\base_events.py", line 1756, in subprocess_exec
    transport = await self._make_subprocess_transport(
                ^^^^^^^^^^^^^^^^^^^^^^^^^^^^^^^^^^^^^^
  File "C:\Users\hyace\AppData\Roaming\uv\python\cpython-3.12.12-windows-x86_64-none\Lib\asyncio\base_events.py", line 528, in _make_subprocess_transport
    raise NotImplementedError
NotImplementedError
